// Jest Snapshot v1, https://goo.gl/fbAQLP

exports[`UuJokesCore.Joke.DetailView.Header with joke prop 1`] = `
<UuJokesCore.Joke.DetailView.Header
  joke={
    Object {
      "name": "Test joke",
      "visibility": false,
    }
  }
>
  <Uu5Elements.withTooltip(Uu5Elements.Text)>
    <Uu5Elements.Text>
      <span
        className="uuelements-0 uuelements-0"
      >
        <Uu5Elements.withTooltip(Uu5Elements.Text)
          colorScheme="building"
          significance="subdued"
        >
          <Uu5Elements.Text
            colorScheme="building"
            significance="subdued"
          >
            <span
              className="uuelements-0 uuelements-15k0dco"
            >
              <Uu5Elements.withTooltip(Uu5Elements.Icon)
                className="uujokescore-joke-detailview-12z0wuy"
                icon="mdi-eye-off"
              >
                <Uu5Elements.Icon
                  className="uujokescore-joke-detailview-12z0wuy"
                  icon="mdi-eye-off"
                >
                  <span
                    className="uuelements-4g9xqe mdi mdi-eye-off uujokescore-joke-detailview-12z0wuy"
                  />
                </Uu5Elements.Icon>
              </Uu5Elements.withTooltip(Uu5Elements.Icon)>
            </span>
          </Uu5Elements.Text>
        </Uu5Elements.withTooltip(Uu5Elements.Text)>
        Joke
         - 
        Test joke
      </span>
    </Uu5Elements.Text>
  </Uu5Elements.withTooltip(Uu5Elements.Text)>
</UuJokesCore.Joke.DetailView.Header>
`;
