// Jest Snapshot v1, https://goo.gl/fbAQLP

exports[`submits form with changes 1`] = `
Object {
  "showAuthor": false,
  "showCategories": false,
  "showCreationTime": false,
}
`;

exports[`submits form with error 1`] = `
Array [
  "Error while saving preference",
  [Error: Test save error],
]
`;

exports[`submits form without changes 1`] = `
Object {
  "showAuthor": true,
  "showCategories": true,
  "showCreationTime": true,
}
`;
