// Jest Snapshot v1, https://goo.gl/fbAQLP

exports[`submits form with changes 1`] = `
Object {
  "categoryIdList": Array [
    "3",
  ],
  "deleteImage": true,
  "id": "123",
  "name": "Updated name",
  "text": "Updated text",
}
`;

exports[`submits form with error 1`] = `
Array [
  "Error submitting form",
  [Error: Test update error],
]
`;

exports[`submits form without changes 1`] = `
Object {
  "categoryIdList": Array [
    "1",
    "2",
  ],
  "id": "123",
  "image": File {},
  "name": "Test joke",
  "text": "Best joke ever",
}
`;
