// Jest Snapshot v1, https://goo.gl/fbAQLP

exports[`UuJokes.Joke.Detail.EditModal checks props passed to children 1`] = `
Object {
  "header": <Uu5g05.Lsi
    lsi={
      Object {
        "cs": "Upravit Joke.Detail",
        "en": "Edit Joke.Detail",
      }
    }
    path={Array []}
  />,
  "onClose": [Function],
  "onSave": [Function],
  "open": true,
  "propInputMap": Object {
    "aspectRatio": Object {
      "props": Object {
        "valueList": Array [
          "1:1",
          "2:1",
          "2:3",
          "3:1",
          "3:2",
          "3:4",
          "4:3",
          "4:5",
          "5:4",
          "16:9",
          "16:10",
        ],
      },
    },
    "baseUri": Object {
      "props": Object {
        "label": Object {
          "cs": "URL aplikace uuJokes",
          "en": "uuJokes application URL",
        },
        "required": true,
      },
    },
    "disableUserPreference": Object {
      "component": [Function],
      "props": Object {
        "label": Object {
          "cs": "Zakázat uživatelské nastavení",
          "en": "Forbid user configuration",
        },
      },
    },
    "level": Object {
      "component": [Function],
      "name": "level",
      "props": [Function],
    },
    "nestingLevel": Object {
      "props": Object {
        "valueList": Array [
          "area",
          "box",
          "spot",
          "inline",
        ],
      },
    },
    "oid": Object {
      "component": [Function],
      "props": Object {
        "label": Object {
          "cs": "Identifikátor (oid)",
          "en": "Identifier (oid)",
        },
        "required": true,
      },
    },
    "showAuthor": Object {
      "component": [Function],
      "name": "showAuthor",
      "props": Object {
        "label": Object {
          "cs": "Zobrazit autora",
          "en": "Show author",
        },
      },
    },
    "showCategories": Object {
      "component": [Function],
      "name": "showCategories",
      "props": Object {
        "label": Object {
          "cs": "Zobrazit kategorie",
          "en": "Show categories",
        },
      },
    },
    "showCreationTime": Object {
      "component": [Function],
      "name": "showCreationTime",
      "props": Object {
        "label": Object {
          "cs": "Zobrazit čas vytvoření",
          "en": "Show creation time",
        },
      },
    },
  },
  "props": Object {
    "oid": "joke-1",
  },
  "tabList": Array [
    Object {
      "label": Object {
        "cs": "Vtip",
        "en": "Joke",
      },
      "layout": Object {
        "xs": "baseUri, oid",
      },
    },
    Object {
      "label": Object {
        "cs": "Výchozí nastavení",
        "en": "Default configuration",
      },
      "layout": Object {
        "xs": "showCategories, showAuthor, showCreationTime, .,disableUserPreference",
      },
    },
    Object {
      "columns": "1fr 1fr",
      "layout": Object {
        "xs": "
            identificationType identificationType,
            nestingLevel nestingLevel,
            card card,
            significance significance,
            borderRadius borderRadius,
            aspectRatio aspectRatio,
            width height
          ",
      },
      "template": "visual",
    },
    Object {
      "label": Object {
        "cs": "Pokročilá nastavení",
        "en": "Advanced settings",
      },
      "layout": Object {
        "xs": "level",
      },
    },
  ],
  "uu5Tag": "Plus4U5Elements.withErrorBoundary(withEditMode(withMargin(UuJokesCore.Joke.Detail)))",
}
`;
